// Jest Snapshot v1, https://goo.gl/fbAQLP

exports[`should render article details with back button 1`] = `
Object {
  "asFragment": [Function],
  "baseElement": <body>
    <div>
      <div
        class="content-container"
        data-testid="article-contents"
      >
        <div
          class="detail-content"
        >
          <h1>
            Exploring the Wonders of the Great Barrier Reef
          </h1>
          <h3>
            Discover the incredible biodiversity and natural beauty of the Great Barrier Reef.
          </h3>
          <p
            class="full-text"
          >
            The Great Barrier Reef, stretching over 2,300 kilometers along the coast of Queensland, Australia, is a marine wonderland. Home to thousands of species of fish, coral, and marine life, it is the largest coral reef system in the world. Snorkelers and divers flock here to witness its vibrant colors and diverse ecosystems. However, it faces threats from climate change and pollution, making conservation efforts crucial to its preservation.
          </p>
        </div>
        <button
          class="back-button"
        >
          Back
        </button>
      </div>
    </div>
  </body>,
  "container": <div>
    <div
      class="content-container"
      data-testid="article-contents"
    >
      <div
        class="detail-content"
      >
        <h1>
          Exploring the Wonders of the Great Barrier Reef
        </h1>
        <h3>
          Discover the incredible biodiversity and natural beauty of the Great Barrier Reef.
        </h3>
        <p
          class="full-text"
        >
          The Great Barrier Reef, stretching over 2,300 kilometers along the coast of Queensland, Australia, is a marine wonderland. Home to thousands of species of fish, coral, and marine life, it is the largest coral reef system in the world. Snorkelers and divers flock here to witness its vibrant colors and diverse ecosystems. However, it faces threats from climate change and pollution, making conservation efforts crucial to its preservation.
        </p>
      </div>
      <button
        class="back-button"
      >
        Back
      </button>
    </div>
  </div>,
  "debug": [Function],
  "findAllByAltText": [Function],
  "findAllByDisplayValue": [Function],
  "findAllByLabelText": [Function],
  "findAllByPlaceholderText": [Function],
  "findAllByRole": [Function],
  "findAllByTestId": [Function],
  "findAllByText": [Function],
  "findAllByTitle": [Function],
  "findByAltText": [Function],
  "findByDisplayValue": [Function],
  "findByLabelText": [Function],
  "findByPlaceholderText": [Function],
  "findByRole": [Function],
  "findByTestId": [Function],
  "findByText": [Function],
  "findByTitle": [Function],
  "getAllByAltText": [Function],
  "getAllByDisplayValue": [Function],
  "getAllByLabelText": [Function],
  "getAllByPlaceholderText": [Function],
  "getAllByRole": [Function],
  "getAllByTestId": [Function],
  "getAllByText": [Function],
  "getAllByTitle": [Function],
  "getByAltText": [Function],
  "getByDisplayValue": [Function],
  "getByLabelText": [Function],
  "getByPlaceholderText": [Function],
  "getByRole": [Function],
  "getByTestId": [Function],
  "getByText": [Function],
  "getByTitle": [Function],
  "queryAllByAltText": [Function],
  "queryAllByDisplayValue": [Function],
  "queryAllByLabelText": [Function],
  "queryAllByPlaceholderText": [Function],
  "queryAllByRole": [Function],
  "queryAllByTestId": [Function],
  "queryAllByText": [Function],
  "queryAllByTitle": [Function],
  "queryByAltText": [Function],
  "queryByDisplayValue": [Function],
  "queryByLabelText": [Function],
  "queryByPlaceholderText": [Function],
  "queryByRole": [Function],
  "queryByTestId": [Function],
  "queryByText": [Function],
  "queryByTitle": [Function],
  "rerender": [Function],
  "unmount": [Function],
}
`;
